
> barani-cars@0.0.0 build
> vite build

vite v8.0.10 building client environment for production...
[2Ktransforming...✓ 2154 modules transformed.
rendering chunks...
computing gzip size...
dist/index.html                   1.43 kB │ gzip:   0.69 kB
dist/assets/index-FPN4UwYW.css   33.56 kB │ gzip:   6.39 kB
dist/assets/index-BMjexWu-.js   356.94 kB │ gzip: 111.61 kB

✓ built in 214ms
